../VL53LMZ_ULD_API/src/vl53lmz_api.c:35:16:_vl53lmz_poll_for_answer	48	static
../VL53LMZ_ULD_API/src/vl53lmz_api.c:106:16:_vl53lmz_send_offset_data	456	static
../VL53LMZ_ULD_API/src/vl53lmz_api.c:176:16:_vl53lmz_send_xtalk_data	304	static
../VL53LMZ_ULD_API/src/vl53lmz_api.c:235:9:vl53lmz_is_alive	16	static
../VL53LMZ_ULD_API/src/vl53lmz_api.c:451:9:vl53lmz_set_i2c_address	16	static
../VL53LMZ_ULD_API/src/vl53lmz_api.c:465:9:vl53lmz_get_power_mode	24	static
../VL53LMZ_ULD_API/src/vl53lmz_api.c:494:9:vl53lmz_set_power_mode	40	static
../VL53LMZ_ULD_API/src/vl53lmz_api.c:540:9:vl53lmz_stop_ranging	32	static
../VL53LMZ_ULD_API/src/vl53lmz_api.c:595:9:vl53lmz_check_data_ready	16	static
../VL53LMZ_ULD_API/src/vl53lmz_api.c:626:9:vl53lmz_get_ranging_data	40	static
../VL53LMZ_ULD_API/src/vl53lmz_api.c:1244:9:vl53lmz_dci_read_data	56	static
../VL53LMZ_ULD_API/src/vl53lmz_api.c:795:9:vl53lmz_get_resolution	16	static
../VL53LMZ_ULD_API/src/vl53lmz_api.c:875:9:vl53lmz_get_ranging_frequency_hz	16	static
../VL53LMZ_ULD_API/src/vl53lmz_api.c:901:9:vl53lmz_get_integration_time_ms	16	static
../VL53LMZ_ULD_API/src/vl53lmz_api.c:940:9:vl53lmz_get_sharpener_percent	16	static
../VL53LMZ_ULD_API/src/vl53lmz_api.c:977:9:vl53lmz_get_target_order	16	static
../VL53LMZ_ULD_API/src/vl53lmz_api.c:1010:9:vl53lmz_get_ranging_mode	16	static
../VL53LMZ_ULD_API/src/vl53lmz_api.c:1121:9:vl53lmz_get_external_sync_pin_enable	16	static
../VL53LMZ_ULD_API/src/vl53lmz_api.c:1184:9:vl53lmz_get_glare_filter_cfg	16	static
../VL53LMZ_ULD_API/src/vl53lmz_api.c:1290:9:vl53lmz_dci_write_data	40	static
../VL53LMZ_ULD_API/src/vl53lmz_api.c:263:9:vl53lmz_init	56	static
../VL53LMZ_ULD_API/src/vl53lmz_api.c:810:9:vl53lmz_set_resolution	24	static
../VL53LMZ_ULD_API/src/vl53lmz_api.c:1031:9:vl53lmz_set_ranging_mode	40	static
../VL53LMZ_ULD_API/src/vl53lmz_api.c:1149:9:vl53lmz_set_external_sync_pin_enable	24	static
../VL53LMZ_ULD_API/src/vl53lmz_api.c:1200:9:vl53lmz_set_glare_filter_cfg	32	static
../VL53LMZ_ULD_API/src/vl53lmz_api.c:1345:9:vl53lmz_dci_replace_data	24	static
../VL53LMZ_ULD_API/src/vl53lmz_api.c:888:9:vl53lmz_set_ranging_frequency_hz	32	static
../VL53LMZ_ULD_API/src/vl53lmz_api.c:916:9:vl53lmz_set_integration_time_ms	32	static
../VL53LMZ_ULD_API/src/vl53lmz_api.c:955:9:vl53lmz_set_sharpener_percent	32	static
../VL53LMZ_ULD_API/src/vl53lmz_api.c:990:9:vl53lmz_set_target_order	32	static
../VL53LMZ_ULD_API/src/vl53lmz_api.c:1070:9:vl53lmz_enable_internal_cp	48	static
../VL53LMZ_ULD_API/src/vl53lmz_api.c:1095:9:vl53lmz_disable_internal_cp	48	static
../VL53LMZ_ULD_API/src/vl53lmz_api.c:1362:9:vl53lmz_create_output_config	64	static
../VL53LMZ_ULD_API/src/vl53lmz_api.c:1424:9:vl53lmz_send_output_config_and_start	72	static
../VL53LMZ_ULD_API/src/vl53lmz_api.c:529:9:vl53lmz_start_ranging	16	static
../VL53LMZ_ULD_API/src/vl53lmz_api.c:1520:9:vl53lmz_add_output_block	8	static
../VL53LMZ_ULD_API/src/vl53lmz_api.c:1545:9:vl53lmz_disable_output_block	0	static
../VL53LMZ_ULD_API/src/vl53lmz_api.c:1566:9:vl53lmz_results_extract_block	24	static
