../Core/Src/main.c:67:6:HAL_GPIO_EXTI_Callback	0	static
../Core/Src/main.c:75:5:check_for_gpio_interrupt	0	static
../Core/Src/main.c:84:5:WaitForL5Interrupt	8	static
../Core/Src/main.c:91:27:__io_getchar	16	static
../Core/Src/main.c:99:27:__io_putchar	16	static
../Core/Src/main.c:109:27:_read	16	static
../Core/Src/main.c:121:27:_write	16	static
../Core/Src/main.c:135:6:Reset_Sensor_via_GPIO	16	static
../Core/Src/main.c:230:6:SystemClock_Config	88	static,ignoring_inline_asm
../Core/Src/main.c:175:5:main	56	static,ignoring_inline_asm
../Core/Src/main.c:432:6:Error_Handler	0	static,ignoring_inline_asm
