../Core/Src/main.c:67:6:HAL_GPIO_EXTI_Callback	16	static
../Core/Src/main.c:75:5:check_for_gpio_interrupt	4	static
../Core/Src/main.c:84:5:WaitForL5Interrupt	16	static
../Core/Src/main.c:91:27:__io_getchar	16	static
../Core/Src/main.c:99:27:__io_putchar	24	static
../Core/Src/main.c:109:27:_read	32	static
../Core/Src/main.c:121:27:_write	32	static
../Core/Src/main.c:135:6:Reset_Sensor_via_GPIO	8	static
../Core/Src/main.c:175:5:main	16	static
../Core/Src/main.c:230:6:SystemClock_Config	88	static
../Core/Src/main.c:277:13:MX_I2C1_Init	8	static
../Core/Src/main.c:311:13:MX_USART2_UART_Init	8	static
../Core/Src/main.c:342:13:MX_DMA_Init	16	static
../Core/Src/main.c:360:13:MX_GPIO_Init	48	static
../Core/Src/main.c:432:6:Error_Handler	4	static,ignoring_inline_asm
