2023-11-30 01:06:07,830 [INFO] Activator:176 - 


2023-11-30 01:06:07,834 [INFO] Activator:177 - !SESSION log4j initialized
2023-11-30 01:06:10,049 [ERROR] LogOutputStream:75 - [STDERR_REDIRECT] 
2023-11-30 01:06:12,410 [INFO] LogOutputStream:77 - [STDOUT_REDIRECT] 
2023-11-30 01:06:15,126 [INFO] LogOutputStream:77 - [STDOUT_REDIRECT] 
2023-11-30 01:06:31,104 [INFO] ApplicationProperties:184 - Using Application install path: /Applications/STM32CubeIDE.app/Contents/Eclipse/plugins/com.st.stm32cube.common.mx_6.9.2.202309101412
2023-11-30 01:06:31,134 [INFO] DbMcusXml:78 - Set database path to: /Applications/STM32CubeIDE.app/Contents/Eclipse/plugins/com.st.stm32cube.common.mx_6.9.2.202309101412//db//mcu/
2023-11-30 01:06:31,134 [INFO] ApiDb:274 - Set plugin database path to: /Applications/STM32CubeIDE.app/Contents/Eclipse/plugins/com.st.stm32cube.common.mx_6.9.2.202309101412//db//plugins/boardmanager/
2023-11-30 01:06:31,136 [WARN] ApiDb:259 - Overriding images path with different value:  => /Applications/STM32CubeIDE.app/Contents/Eclipse/plugins/com.st.stm32cube.common.mx_6.9.2.202309101412//db//plugins/mcufinder/images/
2023-11-30 01:06:31,400 [INFO] McuFinderGlobals:63 - Set McuFinder mode to 2 (CubeIDE integrated)
2023-11-30 01:06:32,717 [WARN] ApiFinderProperties:113 - /Users/apple/.stmcufinder/plugins/mcufinder/mcu/mcuFinder.mfd doesn't exist
2023-11-30 01:06:32,718 [INFO] ApiDb:250 - Set database path to: /Users/apple/.stmcufinder/plugins/mcufinder//mcu/
2023-11-30 01:06:32,720 [INFO] DbMcusAds:125 - Set database path to: /Users/apple/.stmcufinder/plugins/mcufinder//mcu/
2023-11-30 01:06:32,724 [INFO] CrossReferenceDbSqlite:203 - Set database path to: /Users/apple/.stmcufinder/plugins/mcufinder//mcu/cs/
2023-11-30 01:06:32,869 [INFO] RulesReader:64 - Compatibility file has been processed (293 Rules)
2023-11-30 01:06:32,958 [INFO] DbMcusXml:78 - Set database path to: /Applications/STM32CubeIDE.app/Contents/Eclipse/plugins/com.st.stm32cube.common.mx_6.9.2.202309101412//db//mcu/
2023-11-30 01:06:32,959 [INFO] ApiDb:274 - Set plugin database path to: /Applications/STM32CubeIDE.app/Contents/Eclipse/plugins/com.st.stm32cube.common.mx_6.9.2.202309101412//db//plugins/boardmanager/
2023-11-30 01:06:32,959 [INFO] ApiDb:261 - Set plugin images path to: /Applications/STM32CubeIDE.app/Contents/Eclipse/plugins/com.st.stm32cube.common.mx_6.9.2.202309101412//db//plugins/mcufinder/images/
2023-11-30 01:06:32,959 [WARN] DbFile:41 - Overriding database path with different value: /Users/apple/.stmcufinder/plugins/mcufinder/ => /Users/apple/.stmcufinder/plugins/mcufinder
2023-11-30 01:06:32,959 [INFO] ApiDb:250 - Set database path to: /Users/apple/.stmcufinder/plugins/mcufinder//mcu/
2023-11-30 01:06:32,960 [WARN] DbFile:41 - Overriding database path with different value: /Users/apple/.stmcufinder/plugins/mcufinder/ => /Users/apple/.stmcufinder/plugins/mcufinder
2023-11-30 01:06:32,960 [INFO] DbMcusAds:125 - Set database path to: /Users/apple/.stmcufinder/plugins/mcufinder//mcu/
2023-11-30 01:06:32,960 [WARN] DbFile:41 - Overriding database path with different value: /Users/apple/.stmcufinder/plugins/mcufinder/ => /Users/apple/.stmcufinder/plugins/mcufinder
2023-11-30 01:06:32,960 [WARN] DbFile:41 - Overriding database path with different value: /Users/apple/.stmcufinder/plugins/mcufinder/ => /Users/apple/.stmcufinder/plugins/mcufinder
2023-11-30 01:06:32,960 [INFO] CrossReferenceDbSqlite:203 - Set database path to: /Users/apple/.stmcufinder/plugins/mcufinder//mcu/cs/
2023-11-30 01:06:33,048 [INFO] MainPanel:262 - HeapMemory: 278921216
2023-11-30 01:08:50,967 [INFO] Activator:176 - 


2023-11-30 01:08:50,970 [INFO] Activator:177 - !SESSION log4j initialized
2023-11-30 01:08:51,546 [ERROR] LogOutputStream:75 - [STDERR_REDIRECT] 
2023-11-30 01:08:54,138 [INFO] LogOutputStream:77 - [STDOUT_REDIRECT] 
2023-11-30 01:08:56,288 [INFO] ApplicationProperties:184 - Using Application install path: /Applications/STM32CubeIDE.app/Contents/Eclipse/plugins/com.st.stm32cube.common.mx_6.9.2.202309101412
2023-11-30 01:08:56,305 [INFO] DbMcusXml:78 - Set database path to: /Applications/STM32CubeIDE.app/Contents/Eclipse/plugins/com.st.stm32cube.common.mx_6.9.2.202309101412//db//mcu/
2023-11-30 01:08:56,305 [INFO] ApiDb:274 - Set plugin database path to: /Applications/STM32CubeIDE.app/Contents/Eclipse/plugins/com.st.stm32cube.common.mx_6.9.2.202309101412//db//plugins/boardmanager/
2023-11-30 01:08:56,306 [WARN] ApiDb:259 - Overriding images path with different value:  => /Applications/STM32CubeIDE.app/Contents/Eclipse/plugins/com.st.stm32cube.common.mx_6.9.2.202309101412//db//plugins/mcufinder/images/
2023-11-30 01:08:56,315 [INFO] ApiDb:250 - Set database path to: /Users/apple/.stmcufinder/plugins/mcufinder//mcu/
2023-11-30 01:08:56,316 [INFO] DbMcusAds:125 - Set database path to: /Users/apple/.stmcufinder/plugins/mcufinder//mcu/
2023-11-30 01:08:56,319 [INFO] CrossReferenceDbSqlite:203 - Set database path to: /Users/apple/.stmcufinder/plugins/mcufinder//mcu/cs/
2023-11-30 01:08:56,484 [INFO] RulesReader:64 - Compatibility file has been processed (293 Rules)
2023-11-30 01:08:56,565 [INFO] DbMcusXml:78 - Set database path to: /Applications/STM32CubeIDE.app/Contents/Eclipse/plugins/com.st.stm32cube.common.mx_6.9.2.202309101412//db//mcu/
2023-11-30 01:08:56,565 [INFO] ApiDb:274 - Set plugin database path to: /Applications/STM32CubeIDE.app/Contents/Eclipse/plugins/com.st.stm32cube.common.mx_6.9.2.202309101412//db//plugins/boardmanager/
2023-11-30 01:08:56,565 [INFO] ApiDb:261 - Set plugin images path to: /Applications/STM32CubeIDE.app/Contents/Eclipse/plugins/com.st.stm32cube.common.mx_6.9.2.202309101412//db//plugins/mcufinder/images/
2023-11-30 01:08:56,565 [WARN] DbFile:41 - Overriding database path with different value: /Users/apple/.stmcufinder/plugins/mcufinder/ => /Users/apple/.stmcufinder/plugins/mcufinder
2023-11-30 01:08:56,565 [INFO] ApiDb:250 - Set database path to: /Users/apple/.stmcufinder/plugins/mcufinder//mcu/
2023-11-30 01:08:56,565 [WARN] DbFile:41 - Overriding database path with different value: /Users/apple/.stmcufinder/plugins/mcufinder/ => /Users/apple/.stmcufinder/plugins/mcufinder
2023-11-30 01:08:56,565 [INFO] DbMcusAds:125 - Set database path to: /Users/apple/.stmcufinder/plugins/mcufinder//mcu/
2023-11-30 01:08:56,566 [WARN] DbFile:41 - Overriding database path with different value: /Users/apple/.stmcufinder/plugins/mcufinder/ => /Users/apple/.stmcufinder/plugins/mcufinder
2023-11-30 01:08:56,566 [WARN] DbFile:41 - Overriding database path with different value: /Users/apple/.stmcufinder/plugins/mcufinder/ => /Users/apple/.stmcufinder/plugins/mcufinder
2023-11-30 01:08:56,566 [INFO] CrossReferenceDbSqlite:203 - Set database path to: /Users/apple/.stmcufinder/plugins/mcufinder//mcu/cs/
2023-11-30 01:08:56,627 [INFO] MainPanel:262 - HeapMemory: 268435456
2023-11-30 01:08:56,688 [INFO] DbMcusXml:78 - Set database path to: /Applications/STM32CubeIDE.app/Contents/Eclipse/plugins/com.st.stm32cube.common.mx_6.9.2.202309101412//db//mcu/
2023-11-30 01:08:56,688 [INFO] ApiDb:274 - Set plugin database path to: /Applications/STM32CubeIDE.app/Contents/Eclipse/plugins/com.st.stm32cube.common.mx_6.9.2.202309101412//db//plugins/boardmanager/
2023-11-30 01:08:56,688 [INFO] ApiDb:261 - Set plugin images path to: /Applications/STM32CubeIDE.app/Contents/Eclipse/plugins/com.st.stm32cube.common.mx_6.9.2.202309101412//db//plugins/mcufinder/images/
2023-11-30 01:08:56,689 [WARN] DbFile:41 - Overriding database path with different value: /Users/apple/.stmcufinder/plugins/mcufinder/ => /Users/apple/.stmcufinder/plugins/mcufinder
2023-11-30 01:08:56,689 [INFO] ApiDb:250 - Set database path to: /Users/apple/.stmcufinder/plugins/mcufinder//mcu/
2023-11-30 01:08:56,689 [WARN] DbFile:41 - Overriding database path with different value: /Users/apple/.stmcufinder/plugins/mcufinder/ => /Users/apple/.stmcufinder/plugins/mcufinder
2023-11-30 01:08:56,689 [INFO] DbMcusAds:125 - Set database path to: /Users/apple/.stmcufinder/plugins/mcufinder//mcu/
2023-11-30 01:08:56,689 [WARN] DbFile:41 - Overriding database path with different value: /Users/apple/.stmcufinder/plugins/mcufinder/ => /Users/apple/.stmcufinder/plugins/mcufinder
2023-11-30 01:08:56,689 [WARN] DbFile:41 - Overriding database path with different value: /Users/apple/.stmcufinder/plugins/mcufinder/ => /Users/apple/.stmcufinder/plugins/mcufinder
2023-11-30 01:08:56,689 [INFO] CrossReferenceDbSqlite:203 - Set database path to: /Users/apple/.stmcufinder/plugins/mcufinder//mcu/cs/
2023-11-30 01:08:56,709 [INFO] ApplicationProperties:184 - Using Application install path: /Applications/STM32CubeIDE.app/Contents/Eclipse/plugins/com.st.stm32cube.common.mx_6.9.2.202309101412
2023-11-30 01:08:56,710 [INFO] PluginManage:196 - Search for loadable plugins [exclusion list=, ]
2023-11-30 01:08:56,711 [INFO] PluginManage:310 - Check plugin analytics
2023-11-30 01:08:56,941 [INFO] AnalyticsPlugin:253 - Accepted Software Licenses: 
2023-11-30 01:08:56,942 [INFO] AnalyticsPlugin:255 - Accepted CMSIS Pack Licenses: 
2023-11-30 01:08:56,942 [INFO] AnalyticsPlugin:257 - Accepted Firmware Licenses: 
2023-11-30 01:08:56,946 [INFO] PluginManage:359 - Loaded plugin analytics (category:tool,tabindex:-1)
2023-11-30 01:08:56,947 [INFO] PluginManage:310 - Check plugin cadmodel
2023-11-30 01:08:57,687 [INFO] CADModel:105 - Init CAD model plugin
2023-11-30 01:08:57,688 [INFO] PluginManage:359 - Loaded plugin cadmodel (category:power,tabindex:5)
2023-11-30 01:08:57,688 [INFO] PluginManage:310 - Check plugin clock
2023-11-30 01:08:57,705 [INFO] PluginManage:359 - Loaded plugin clock (category:base,tabindex:2)
2023-11-30 01:08:57,705 [INFO] PluginManage:310 - Check plugin ddr
2023-11-30 01:08:57,710 [INFO] PluginManage:359 - Loaded plugin ddr (category:tool,tabindex:6)
2023-11-30 01:08:57,710 [INFO] PluginManage:310 - Check plugin filemanager
2023-11-30 01:08:57,883 [INFO] PluginManage:359 - Loaded plugin filemanager (category:base,tabindex:10)
2023-11-30 01:08:57,883 [INFO] PluginManage:310 - Check plugin ipmanager
2023-11-30 01:08:57,891 [INFO] PluginManage:359 - Loaded plugin ipmanager (category:base,tabindex:5)
2023-11-30 01:08:57,891 [INFO] PluginManage:310 - Check plugin lpbam
2023-11-30 01:08:57,905 [INFO] PluginManage:359 - Loaded plugin lpbam (category:base,tabindex:0)
2023-11-30 01:08:57,905 [INFO] PluginManage:310 - Check plugin memorymap
2023-11-30 01:08:57,922 [INFO] PluginManage:359 - Loaded plugin memorymap (category:base,tabindex:4)
2023-11-30 01:08:57,922 [INFO] PluginManage:310 - Check plugin pinoutandconfiguration
2023-11-30 01:08:57,932 [INFO] PluginManage:359 - Loaded plugin pinoutandconfiguration (category:base,tabindex:1)
2023-11-30 01:08:57,932 [INFO] PluginManage:310 - Check plugin pinoutconfig
2023-11-30 01:08:58,036 [WARN] SupportedApi:132 - Cannot load RTOS API schema: s4s-elt-must-match.1: The content of 'definitions' must match (annotation?, (simpleType | complexType)?, (unique | key | keyref)*)). A problem was found starting at: attribute.
2023-11-30 01:08:58,223 [INFO] PluginManage:359 - Loaded plugin pinoutconfig (category:base,tabindex:0)
2023-11-30 01:08:58,223 [INFO] PluginManage:310 - Check plugin power
2023-11-30 01:08:58,240 [INFO] PluginManage:359 - Loaded plugin power (category:power,tabindex:4)
2023-11-30 01:08:58,240 [INFO] PluginManage:310 - Check plugin projectmanager
2023-11-30 01:08:58,259 [INFO] PluginManage:359 - Loaded plugin projectmanager (category:projectmanager,tabindex:3)
2023-11-30 01:08:58,259 [INFO] PluginManage:310 - Check plugin thirdparty
2023-11-30 01:08:58,426 [INFO] PluginManage:359 - Loaded plugin thirdparty (category:base,tabindex:-1)
2023-11-30 01:08:58,426 [WARN] IntegrityCheckThread:84 - waiting for thirdparty lock release [integrity check]
2023-11-30 01:08:58,426 [INFO] IntegrityCheckThread:86 - entering critical section [integrity check]
2023-11-30 01:08:58,426 [INFO] PluginManage:310 - Check plugin tools
2023-11-30 01:08:58,427 [INFO] ThirdPartyUpdaterWithRetryManager:70 - Updater plugin not ready yet. [1/15]
2023-11-30 01:08:58,430 [INFO] PluginManage:359 - Loaded plugin tools (category:base,tabindex:7)
2023-11-30 01:08:58,431 [INFO] PluginManage:310 - Check plugin tutovideos
2023-11-30 01:08:58,771 [INFO] PluginManage:359 - Loaded plugin tutovideos (category:base,tabindex:-1)
2023-11-30 01:08:58,771 [INFO] PluginManage:310 - Check plugin updater
2023-11-30 01:08:58,784 [INFO] PluginManage:359 - Loaded plugin updater (category:base,tabindex:12)
2023-11-30 01:08:58,785 [INFO] PluginManage:310 - Check plugin userauth
2023-11-30 01:08:58,790 [INFO] UserAuth:113 - Init User Auth plugin
2023-11-30 01:08:58,790 [INFO] PluginManage:359 - Loaded plugin userauth (category:base,tabindex:14)
2023-11-30 01:08:58,791 [INFO] PluginManage:283 - PluginManage : Loaded plugins [17]
2023-11-30 01:08:59,041 [INFO] PinOutPanel:1499 - setPackage(No Configuration,No Configuration)
2023-11-30 01:08:59,177 [INFO] CADModel:165 - CPN selected for project level
2023-11-30 01:08:59,177 [INFO] CADModel:114 - Register for checkConnection events
2023-11-30 01:08:59,195 [INFO] IPUIPlugin:80 - create IPUIPlugin
2023-11-30 01:08:59,196 [INFO] PluginManager:220 - loadIPPluginJar : add mdma
2023-11-30 01:08:59,206 [INFO] IPUIPlugin:80 - create IPUIPlugin
2023-11-30 01:08:59,206 [INFO] PluginManager:220 - loadIPPluginJar : add freertos
2023-11-30 01:08:59,213 [INFO] IPUIPlugin:80 - create IPUIPlugin
2023-11-30 01:08:59,214 [INFO] PluginManager:220 - loadIPPluginJar : add gic
2023-11-30 01:08:59,226 [INFO] IPUIPlugin:80 - create IPUIPlugin
2023-11-30 01:08:59,226 [INFO] PluginManager:220 - loadIPPluginJar : add adc
2023-11-30 01:08:59,229 [INFO] IPUIPlugin:80 - create IPUIPlugin
2023-11-30 01:08:59,229 [INFO] PluginManager:220 - loadIPPluginJar : add gtzc
2023-11-30 01:08:59,231 [INFO] IPUIPlugin:80 - create IPUIPlugin
2023-11-30 01:08:59,231 [INFO] PluginManager:220 - loadIPPluginJar : add quadspi
2023-11-30 01:08:59,234 [INFO] IPUIPlugin:80 - create IPUIPlugin
2023-11-30 01:08:59,235 [INFO] PluginManager:220 - loadIPPluginJar : add aes
2023-11-30 01:08:59,239 [INFO] IPUIPlugin:80 - create IPUIPlugin
2023-11-30 01:08:59,239 [INFO] PluginManager:220 - loadIPPluginJar : add pdm2pcm
2023-11-30 01:08:59,241 [INFO] IPUIPlugin:80 - create IPUIPlugin
2023-11-30 01:08:59,241 [INFO] PluginManager:220 - loadIPPluginJar : add hash
2023-11-30 01:08:59,243 [INFO] IPUIPlugin:80 - create IPUIPlugin
2023-11-30 01:08:59,243 [INFO] PluginManager:220 - loadIPPluginJar : add tim
2023-11-30 01:08:59,245 [INFO] IPUIPlugin:80 - create IPUIPlugin
2023-11-30 01:08:59,245 [INFO] PluginManager:220 - loadIPPluginJar : add tsc
2023-11-30 01:08:59,246 [INFO] IPUIPlugin:80 - create IPUIPlugin
2023-11-30 01:08:59,247 [INFO] PluginManager:220 - loadIPPluginJar : add ts
2023-11-30 01:08:59,249 [INFO] IPUIPlugin:80 - create IPUIPlugin
2023-11-30 01:08:59,249 [INFO] PluginManager:220 - loadIPPluginJar : add can
2023-11-30 01:08:59,253 [INFO] IPUIPlugin:80 - create IPUIPlugin
2023-11-30 01:08:59,253 [INFO] PluginManager:220 - loadIPPluginJar : add dma3
2023-11-30 01:08:59,256 [INFO] IPUIPlugin:80 - create IPUIPlugin
2023-11-30 01:08:59,256 [INFO] PluginManager:220 - loadIPPluginJar : add dfsdm
2023-11-30 01:08:59,258 [INFO] IPUIPlugin:80 - create IPUIPlugin
2023-11-30 01:08:59,258 [INFO] PluginManager:220 - loadIPPluginJar : add spi
2023-11-30 01:08:59,260 [INFO] IPUIPlugin:80 - create IPUIPlugin
2023-11-30 01:08:59,261 [INFO] PluginManager:220 - loadIPPluginJar : add gfxmmu
2023-11-30 01:08:59,262 [INFO] IPUIPlugin:80 - create IPUIPlugin
2023-11-30 01:08:59,262 [INFO] PluginManager:220 - loadIPPluginJar : add genericplugin
2023-11-30 01:08:59,264 [INFO] IPUIPlugin:80 - create IPUIPlugin
2023-11-30 01:08:59,264 [INFO] PluginManager:220 - loadIPPluginJar : add cryp
2023-11-30 01:08:59,269 [INFO] IPUIPlugin:80 - create IPUIPlugin
2023-11-30 01:08:59,269 [INFO] PluginManager:220 - loadIPPluginJar : add gpio
2023-11-30 01:08:59,271 [INFO] IPUIPlugin:80 - create IPUIPlugin
2023-11-30 01:08:59,271 [INFO] PluginManager:220 - loadIPPluginJar : add comp
2023-11-30 01:08:59,273 [INFO] IPUIPlugin:80 - create IPUIPlugin
2023-11-30 01:08:59,274 [INFO] PluginManager:220 - loadIPPluginJar : add tracer_emb
2023-11-30 01:08:59,276 [INFO] IPUIPlugin:80 - create IPUIPlugin
2023-11-30 01:08:59,276 [INFO] PluginManager:220 - loadIPPluginJar : add openamp
2023-11-30 01:08:59,282 [INFO] IPUIPlugin:80 - create IPUIPlugin
2023-11-30 01:08:59,282 [INFO] PluginManager:220 - loadIPPluginJar : add stm32_wpan
2023-11-30 01:08:59,290 [INFO] IPUIPlugin:80 - create IPUIPlugin
2023-11-30 01:08:59,293 [INFO] PluginManager:220 - loadIPPluginJar : add plateformsettings
2023-11-30 01:08:59,297 [INFO] IPUIPlugin:80 - create IPUIPlugin
2023-11-30 01:08:59,297 [INFO] PluginManager:220 - loadIPPluginJar : add ipddr
2023-11-30 01:08:59,300 [INFO] IPUIPlugin:80 - create IPUIPlugin
2023-11-30 01:08:59,300 [INFO] PluginManager:220 - loadIPPluginJar : add usart
2023-11-30 01:08:59,302 [INFO] IPUIPlugin:80 - create IPUIPlugin
2023-11-30 01:08:59,302 [INFO] PluginManager:220 - loadIPPluginJar : add ltdc
2023-11-30 01:08:59,307 [INFO] IPUIPlugin:80 - create IPUIPlugin
2023-11-30 01:08:59,307 [INFO] PluginManager:220 - loadIPPluginJar : add nvic
2023-11-30 01:08:59,308 [INFO] IPUIPlugin:80 - create IPUIPlugin
2023-11-30 01:08:59,309 [INFO] PluginManager:220 - loadIPPluginJar : add fatfs
2023-11-30 01:08:59,317 [INFO] IPUIPlugin:80 - create IPUIPlugin
2023-11-30 01:08:59,317 [INFO] PluginManager:220 - loadIPPluginJar : add linkedlist
2023-11-30 01:08:59,323 [INFO] IPUIPlugin:80 - create IPUIPlugin
2023-11-30 01:08:59,323 [INFO] PluginManager:220 - loadIPPluginJar : add dma
2023-11-30 01:08:59,328 [INFO] IPUIPlugin:80 - create IPUIPlugin
2023-11-30 01:08:59,328 [INFO] PluginManager:220 - loadIPPluginJar : add fmc
2023-11-30 01:08:59,330 [INFO] IPUIPlugin:80 - create IPUIPlugin
2023-11-30 01:08:59,331 [INFO] PluginManager:220 - loadIPPluginJar : add i2s
2023-11-30 01:08:59,332 [INFO] IPUIPlugin:80 - create IPUIPlugin
2023-11-30 01:08:59,332 [INFO] PluginManager:220 - loadIPPluginJar : add ucpd
2023-11-30 01:08:59,335 [INFO] IPUIPlugin:80 - create IPUIPlugin
2023-11-30 01:08:59,335 [INFO] PluginManager:220 - loadIPPluginJar : add lorawan
2023-11-30 01:08:59,347 [INFO] IPUIPlugin:80 - create IPUIPlugin
2023-11-30 01:08:59,347 [INFO] PluginManager:220 - loadIPPluginJar : add opamp
2023-11-30 01:08:59,351 [INFO] IPUIPlugin:80 - create IPUIPlugin
2023-11-30 01:08:59,351 [INFO] PluginManager:220 - loadIPPluginJar : add i3c
2023-11-30 01:08:59,356 [INFO] IPUIPlugin:80 - create IPUIPlugin
2023-11-30 01:08:59,357 [INFO] PluginManager:220 - loadIPPluginJar : add touchsensing
2023-11-30 01:08:59,364 [INFO] IPUIPlugin:80 - create IPUIPlugin
2023-11-30 01:08:59,364 [INFO] PluginManager:220 - loadIPPluginJar : add i2c
2023-11-30 01:08:59,368 [INFO] IPUIPlugin:80 - create IPUIPlugin
2023-11-30 01:08:59,369 [INFO] PluginManager:220 - loadIPPluginJar : add resmgrutility
2023-11-30 01:08:59,380 [INFO] IPUIPlugin:80 - create IPUIPlugin
2023-11-30 01:08:59,380 [INFO] PluginManager:220 - loadIPPluginJar : add sai
2023-11-30 01:08:59,385 [INFO] IPUIPlugin:80 - create IPUIPlugin
2023-11-30 01:08:59,385 [INFO] PluginManager:220 - loadIPPluginJar : add usbx
2023-11-30 01:08:59,498 [INFO] CADModel:165 - CPN selected for project level
2023-11-30 01:08:59,498 [INFO] CADModel:114 - Register for checkConnection events
2023-11-30 01:08:59,498 [FATAL] Updater:308 - Updater called before beeing initialized
2023-11-30 01:08:59,498 [ERROR] CADModel:125 - Updater not yet initialized, retry later 
2023-11-30 01:08:59,766 [INFO] CADModel:165 - CPN selected for project level
2023-11-30 01:08:59,766 [INFO] CADModel:114 - Register for checkConnection events
2023-11-30 01:08:59,767 [FATAL] Updater:308 - Updater called before beeing initialized
2023-11-30 01:08:59,767 [ERROR] CADModel:125 - Updater not yet initialized, retry later 
2023-11-30 01:08:59,772 [FATAL] Updater:308 - Updater called before beeing initialized
2023-11-30 01:08:59,866 [FATAL] Updater:308 - Updater called before beeing initialized
2023-11-30 01:08:59,874 [INFO] DbMcusAds:53 - JSON generation date=Thu Sep 30 07:55:09 BST 2021 (1632984909247)
2023-11-30 01:08:59,874 [FATAL] Updater:308 - Updater called before beeing initialized
2023-11-30 01:08:59,969 [WARN] DetailPanel:346 - Failed to get advertising image, set to default
2023-11-30 01:09:00,093 [FATAL] Updater:308 - Updater called before beeing initialized
2023-11-30 01:09:00,096 [FATAL] Updater:308 - Updater called before beeing initialized
2023-11-30 01:09:00,096 [FATAL] Updater:308 - Updater called before beeing initialized
2023-11-30 01:09:00,096 [WARN] DetailPanel:346 - Failed to get advertising image, set to default
2023-11-30 01:09:00,097 [FATAL] Updater:308 - Updater called before beeing initialized
2023-11-30 01:09:00,141 [ERROR] Updater:1120 - MainUpdater not yet initialized. External WinMGr cannot be set.
2023-11-30 01:09:00,172 [INFO] Updater:1056 - Updater Version found : 6.9.2
2023-11-30 01:09:00,197 [INFO] ApplicationProperties:184 - Using Application install path: /Applications/STM32CubeIDE.app/Contents/Eclipse/plugins/com.st.stm32cube.common.mx_6.9.2.202309101412
2023-11-30 01:09:00,299 [INFO] MainUpdater:521 - Copy updater definitions from MX database
2023-11-30 01:09:00,343 [INFO] MainUpdater:554 - Copy flag file definitions from MX database
2023-11-30 01:09:00,345 [INFO] MainUpdater:570 - Copy thirdparty index definitions from MX database
2023-11-30 01:09:00,347 [INFO] MainUpdater:589 - Copy default thirdparty db definitions from MX database
2023-11-30 01:09:00,426 [INFO] MainUpdater:2868 - connection check result : 10
2023-11-30 01:09:00,430 [INFO] MainUpdater:3562 - Updater definition file requires update
2023-11-30 01:09:00,431 [INFO] MainUpdater:285 - Updater Check For Update Now.
2023-11-30 01:09:00,431 [INFO] MicroXplorer:498 - Change Database Version : DB.6.0.92
2023-11-30 01:09:00,448 [INFO] McuFinderGlobals:63 - Set McuFinder mode to 2 (CubeIDE integrated)
2023-11-30 01:09:00,448 [INFO] UserAuth:179 - activating auth plugin
2023-11-30 01:09:00,461 [INFO] UserAuth:393 - Internet connection configuration mode: 1
2023-11-30 01:09:00,482 [INFO] ServerAccessManage:473 - Download File updaters.zip
2023-11-30 01:09:00,487 [INFO] JxBrowserEngine:151 - Initiate JxBrowser Engine with user profile folder
2023-11-30 01:09:00,577 [INFO] FileExtend:240 - Unzip File : updaters.zip
2023-11-30 01:09:00,577 [INFO] FileExtend:255 - Standard Zip Deflate
2023-11-30 01:09:00,855 [INFO] ServerAccessManage:473 - Download File PacksControlFlags.xml
2023-11-30 01:09:00,946 [INFO] ServerAccessManage:473 - Download File cubemx.pidx
2023-11-30 01:09:01,105 [INFO] ServerAccessManage:473 - Download File STMicroelectronics.FP-ATR-ASTRA1.pdsc
2023-11-30 01:09:01,429 [WARN] MainUpdater:1189 - Updater busy. Cannot search thirdparties
2023-11-30 01:09:01,431 [INFO] ThirdPartyUpdaterWithRetryManager:96 - Updater plugin is busy. [1/15]
2023-11-30 01:09:01,647 [INFO] ServerAccessManage:473 - Download File STMicroelectronics.FP-ATR-SIGFOX1.pdsc
2023-11-30 01:09:01,918 [INFO] ServerAccessManage:473 - Download File STMicroelectronics.FP-SNS-FLIGHT1.pdsc
2023-11-30 01:09:02,565 [INFO] ServerAccessManage:473 - Download File STMicroelectronics.FP-SNS-MOTENV1.pdsc
2023-11-30 01:09:02,960 [INFO] ServerAccessManage:473 - Download File STMicroelectronics.FP-SNS-MOTENVWB1.pdsc
2023-11-30 01:09:03,153 [INFO] ServerAccessManage:473 - Download File STMicroelectronics.FP-SNS-SMARTAG2.pdsc
2023-11-30 01:09:03,611 [INFO] ServerAccessManage:473 - Download File STMicroelectronics.X-CUBE-AI.pdsc
2023-11-30 01:09:04,432 [WARN] MainUpdater:1189 - Updater busy. Cannot search thirdparties
2023-11-30 01:09:04,432 [INFO] ThirdPartyUpdaterWithRetryManager:96 - Updater plugin is busy. [2/15]
2023-11-30 01:09:06,613 [INFO] ServerAccessManage:473 - Download File STMicroelectronics.X-CUBE-ALS.pdsc
2023-11-30 01:09:06,993 [INFO] ServerAccessManage:473 - Download File STMicroelectronics.X-CUBE-BLE1.pdsc
2023-11-30 01:09:07,435 [WARN] MainUpdater:1189 - Updater busy. Cannot search thirdparties
2023-11-30 01:09:07,435 [INFO] ThirdPartyUpdaterWithRetryManager:96 - Updater plugin is busy. [3/15]
2023-11-30 01:09:09,258 [ERROR] ServerAccessManage:1089 - Problem, file not found on Server
2023-11-30 01:09:09,654 [INFO] ServerAccessManage:473 - Download File STMicroelectronics.X-CUBE-BLE2.pdsc
2023-11-30 01:09:10,438 [WARN] MainUpdater:1189 - Updater busy. Cannot search thirdparties
2023-11-30 01:09:10,439 [INFO] ThirdPartyUpdaterWithRetryManager:96 - Updater plugin is busy. [4/15]
2023-11-30 01:09:11,136 [INFO] ServerAccessManage:473 - Download File STMicroelectronics.X-CUBE-BLEMGR.pdsc
2023-11-30 01:09:12,255 [INFO] ServerAccessManage:473 - Download File STMicroelectronics.X-CUBE-DISPLAY.pdsc
2023-11-30 01:09:13,440 [WARN] MainUpdater:1189 - Updater busy. Cannot search thirdparties
2023-11-30 01:09:13,441 [INFO] ThirdPartyUpdaterWithRetryManager:96 - Updater plugin is busy. [5/15]
2023-11-30 01:09:13,479 [INFO] ServerAccessManage:473 - Download File STMicroelectronics.X-CUBE-EEPRMA1.pdsc
2023-11-30 01:09:13,847 [ERROR] ServerAccessManage:1089 - Problem, file not found on Server
2023-11-30 01:09:14,094 [INFO] WebApp:157 - Instantiating new browser for Auth
2023-11-30 01:09:14,303 [INFO] ServerAccessManage:473 - Download File STMicroelectronics.X-CUBE-FREERTOS.pdsc
2023-11-30 01:09:14,879 [INFO] ServerAccessManage:473 - Download File STMicroelectronics.X-CUBE-GNSS1.pdsc
2023-11-30 01:09:14,933 [INFO] WebApp:753 - Register for checkConnection events
2023-11-30 01:09:14,933 [INFO] WebApp:390 - Apply proxy settings
2023-11-30 01:09:14,936 [INFO] WebApp:455 - Chromium authenticates against System proxy
2023-11-30 01:09:15,261 [INFO] WebApp:188 - Starting web application
2023-11-30 01:09:15,261 [INFO] WebApp:520 - Web application path used /Applications/STM32CubeIDE.app/Contents/Eclipse/plugins/com.st.stm32cube.common.mx_6.9.2.202309101412/db/plugins/mcufinder/reactClient1/index.html
2023-11-30 01:09:15,995 [ERROR] ServerAccessManage:1089 - Problem, file not found on Server
2023-11-30 01:09:16,125 [ERROR] ServerAccessManage:1089 - Problem, file not found on Server
2023-11-30 01:09:16,206 [ERROR] ServerAccessManage:1089 - Problem, file not found on Server
2023-11-30 01:09:16,342 [ERROR] ServerAccessManage:1089 - Problem, file not found on Server
2023-11-30 01:09:16,428 [ERROR] ServerAccessManage:1089 - Problem, file not found on Server
2023-11-30 01:09:16,449 [WARN] MainUpdater:1189 - Updater busy. Cannot search thirdparties
2023-11-30 01:09:16,449 [INFO] ThirdPartyUpdaterWithRetryManager:96 - Updater plugin is busy. [6/15]
2023-11-30 01:09:16,519 [ERROR] ServerAccessManage:1089 - Problem, file not found on Server
2023-11-30 01:09:16,612 [INFO] ServerAccessManage:473 - Download File STMicroelectronics.X-CUBE-ISPU.pdsc
2023-11-30 01:09:17,028 [INFO] ServerAccessManage:473 - Download File STMicroelectronics.X-CUBE-MEMS1.pdsc
2023-11-30 01:09:19,453 [WARN] MainUpdater:1189 - Updater busy. Cannot search thirdparties
2023-11-30 01:09:19,454 [INFO] ThirdPartyUpdaterWithRetryManager:96 - Updater plugin is busy. [7/15]
2023-11-30 01:09:19,865 [INFO] ServerAccessManage:473 - Download File STMicroelectronics.X-CUBE-NFC4.pdsc
2023-11-30 01:09:22,071 [INFO] ServerAccessManage:473 - Download File STMicroelectronics.X-CUBE-NFC6.pdsc
2023-11-30 01:09:22,335 [INFO] ServerAccessManage:473 - Download File STMicroelectronics.X-CUBE-NFC7.pdsc
2023-11-30 01:09:22,455 [WARN] MainUpdater:1189 - Updater busy. Cannot search thirdparties
2023-11-30 01:09:22,455 [INFO] ThirdPartyUpdaterWithRetryManager:96 - Updater plugin is busy. [8/15]
2023-11-30 01:09:22,626 [INFO] ServerAccessManage:473 - Download File STMicroelectronics.X-CUBE-SFXS2LP1.pdsc
2023-11-30 01:09:23,479 [INFO] ServerAccessManage:473 - Download File STMicroelectronics.X-CUBE-SUBG2.pdsc
2023-11-30 01:09:25,460 [WARN] MainUpdater:1189 - Updater busy. Cannot search thirdparties
2023-11-30 01:09:25,460 [INFO] ThirdPartyUpdaterWithRetryManager:96 - Updater plugin is busy. [9/15]
2023-11-30 01:09:25,766 [INFO] ServerAccessManage:473 - Download File STMicroelectronics.X-CUBE-SMBUS.pdsc
2023-11-30 01:09:26,229 [ERROR] ServerAccessManage:1089 - Problem, file not found on Server
2023-11-30 01:09:26,362 [INFO] ServerAccessManage:473 - Download File STMicroelectronics.X-CUBE-TOF1.pdsc
2023-11-30 01:09:27,694 [ERROR] ServerAccessManage:1089 - Problem, file not found on Server
2023-11-30 01:09:28,003 [INFO] ServerAccessManage:473 - Download File STMicroelectronics.X-CUBE-TOUCHGFX.pdsc
2023-11-30 01:09:28,466 [WARN] MainUpdater:1189 - Updater busy. Cannot search thirdparties
2023-11-30 01:09:28,466 [INFO] ThirdPartyUpdaterWithRetryManager:96 - Updater plugin is busy. [10/15]
2023-11-30 01:09:30,939 [INFO] ServerAccessManage:473 - Download File STMicroelectronics.X-CUBE-ALGOBUILD.pdsc
2023-11-30 01:09:31,468 [WARN] MainUpdater:1189 - Updater busy. Cannot search thirdparties
2023-11-30 01:09:31,468 [INFO] ThirdPartyUpdaterWithRetryManager:96 - Updater plugin is busy. [11/15]
2023-11-30 01:09:31,663 [INFO] ServerAccessManage:473 - Download File STMicroelectronics.X-CUBE-AZRTOS-H7.pdsc
2023-11-30 01:09:32,749 [INFO] ServerAccessManage:473 - Download File STMicroelectronics.X-CUBE-AZRTOS-F4.pdsc
2023-11-30 01:09:33,185 [INFO] ServerAccessManage:473 - Download File STMicroelectronics.X-CUBE-AZRTOS-F7.pdsc
2023-11-30 01:09:33,577 [INFO] ServerAccessManage:473 - Download File STMicroelectronics.X-CUBE-AZRTOS-L4.pdsc
2023-11-30 01:09:34,054 [INFO] ServerAccessManage:473 - Download File STMicroelectronics.X-CUBE-AZRTOS-L5.pdsc
2023-11-30 01:09:34,469 [WARN] MainUpdater:1189 - Updater busy. Cannot search thirdparties
2023-11-30 01:09:34,469 [INFO] ThirdPartyUpdaterWithRetryManager:96 - Updater plugin is busy. [12/15]
2023-11-30 01:09:34,846 [INFO] ServerAccessManage:473 - Download File STMicroelectronics.X-CUBE-AZRTOS-G0.pdsc
2023-11-30 01:09:35,460 [INFO] ServerAccessManage:473 - Download File STMicroelectronics.X-CUBE-AZRTOS-G4.pdsc
2023-11-30 01:09:36,077 [INFO] ServerAccessManage:473 - Download File STMicroelectronics.X-CUBE-AZRTOS-WB.pdsc
2023-11-30 01:09:36,998 [INFO] ServerAccessManage:473 - Download File STMicroelectronics.X-CUBE-AZRTOS-WL.pdsc
2023-11-30 01:09:37,014 [ERROR] LogOutputStream:75 - [STDERR_REDIRECT] SLF4J: Failed to load class "org.slf4j.impl.StaticLoggerBinder".
2023-11-30 01:09:37,015 [ERROR] LogOutputStream:75 - [STDERR_REDIRECT] SLF4J: Defaulting to no-operation (NOP) logger implementation
2023-11-30 01:09:37,016 [ERROR] LogOutputStream:75 - [STDERR_REDIRECT] SLF4J: See http://www.slf4j.org/codes.html#StaticLoggerBinder for further details.
2023-11-30 01:09:37,473 [WARN] MainUpdater:1189 - Updater busy. Cannot search thirdparties
2023-11-30 01:09:37,474 [INFO] ThirdPartyUpdaterWithRetryManager:96 - Updater plugin is busy. [13/15]
2023-11-30 01:09:37,727 [INFO] ServerAccessManage:473 - Download File wolfSSL.I-CUBE-wolfSSL.pdsc
2023-11-30 01:09:40,419 [ERROR] ServerAccessManage:1089 - Problem, file not found on Server
2023-11-30 01:09:40,477 [WARN] MainUpdater:1189 - Updater busy. Cannot search thirdparties
2023-11-30 01:09:40,477 [INFO] ThirdPartyUpdaterWithRetryManager:96 - Updater plugin is busy. [14/15]
2023-11-30 01:09:40,732 [ERROR] ServerAccessManage:1089 - Problem, file not found on Server
2023-11-30 01:09:41,046 [ERROR] ServerAccessManage:1089 - Problem, file not found on Server
2023-11-30 01:09:41,462 [ERROR] ServerAccessManage:1096 - Problem, Http access forbiden
2023-11-30 01:09:41,463 [ERROR] ServerAccessManage:651 - Problem, Http access forbiden : RoweBots.I-CUBE-UNISONRTOS.pdsc.
2023-11-30 01:09:41,570 [ERROR] ServerAccessManage:1172 - Problem during Server Connection :  IO error PKIX path building failed: sun.security.provider.certpath.SunCertPathBuilderException: unable to find valid certification path to requested target
2023-11-30 01:09:41,570 [ERROR] ServerAccessManage:651 - Problem during Server Connection :  : SEGGER.I-CUBE-embOS.pdsc.
2023-11-30 01:09:41,854 [INFO] ServerAccessManage:473 - Download File portGmbH.I-Cube-SoM-uGOAL.pdsc
2023-11-30 01:09:42,181 [ERROR] ServerAccessManage:1089 - Problem, file not found on Server
2023-11-30 01:09:42,213 [ERROR] ServerAccessManage:1089 - Problem, file not found on Server
2023-11-30 01:09:42,245 [ERROR] ServerAccessManage:1089 - Problem, file not found on Server
2023-11-30 01:09:42,478 [INFO] ServerAccessManage:473 - Download File emotas.I-CUBE-CANOPEN.pdsc
2023-11-30 01:09:43,311 [INFO] ServerAccessManage:473 - Download File WES.I-CUBE-Cesium.pdsc
2023-11-30 01:09:43,481 [WARN] MainUpdater:1189 - Updater busy. Cannot search thirdparties
2023-11-30 01:09:43,481 [INFO] ThirdPartyUpdaterWithRetryManager:96 - Updater plugin is busy. [15/15]
2023-11-30 01:09:43,481 [ERROR] IntegrityCheckThread:130 - Cannot retrieve database content from updater: error -1
2023-11-30 01:09:43,482 [INFO] ThirdParty:978 - Integrity check success = false
2023-11-30 01:09:43,482 [INFO] IntegrityCheckThread:100 - exiting critical section [integrity check]
2023-11-30 01:09:43,482 [INFO] IntegrityCheckThread:103 - End integrity checks thread
2023-11-30 01:09:43,916 [ERROR] ServerAccessManage:1089 - Problem, file not found on Server
2023-11-30 01:09:44,177 [ERROR] ServerAccessManage:1089 - Problem, file not found on Server
2023-11-30 01:09:44,983 [INFO] ServerAccessManage:473 - Download File ITTIA_DB.I-CUBE-ITTIADB.pdsc
2023-11-30 01:09:47,591 [INFO] ServerAccessManage:473 - Download File Infineon.AIROC-Wi-Fi-Bluetooth-STM32.pdsc
2023-11-30 01:09:48,796 [WARN] PackLoader:240 - Cannot read IP mode file for STMicroelectronics.FP-ATR-ASTRA1.2.0.0
2023-11-30 01:09:48,802 [WARN] CheckServerUpdateThread:151 - Open CheckUpdateFile Fail
2023-11-30 01:09:48,807 [WARN] PackLoader:240 - Cannot read IP mode file for STMicroelectronics.FP-ATR-SIGFOX1.3.2.0
2023-11-30 01:09:48,816 [WARN] PackLoader:240 - Cannot read IP mode file for STMicroelectronics.FP-SNS-FLIGHT1.5.0.2
2023-11-30 01:09:48,825 [WARN] PackLoader:240 - Cannot read IP mode file for STMicroelectronics.FP-SNS-MOTENV1.4.3.2
2023-11-30 01:09:48,836 [WARN] PackLoader:240 - Cannot read IP mode file for STMicroelectronics.FP-SNS-MOTENVWB1.1.3.1
2023-11-30 01:09:48,846 [WARN] PackLoader:240 - Cannot read IP mode file for STMicroelectronics.FP-SNS-SMARTAG2.1.2.0
2023-11-30 01:09:48,850 [WARN] PackLoader:240 - Cannot read IP mode file for STMicroelectronics.X-CUBE-AI.8.1.0
2023-11-30 01:09:48,860 [WARN] PackLoader:240 - Cannot read IP mode file for STMicroelectronics.X-CUBE-ALS.1.0.1
2023-11-30 01:09:48,871 [WARN] PackLoader:240 - Cannot read IP mode file for STMicroelectronics.X-CUBE-BLE1.7.0.0
2023-11-30 01:09:48,881 [WARN] PackLoader:240 - Cannot read IP mode file for STMicroelectronics.X-CUBE-BLE2.3.3.0
2023-11-30 01:09:48,946 [WARN] PackLoader:240 - Cannot read IP mode file for STMicroelectronics.X-CUBE-BLEMGR.3.0.0
2023-11-30 01:09:48,950 [INFO] CheckServerUpdateThread:120 - End of CheckServer Thread
2023-11-30 01:09:48,997 [WARN] PackLoader:240 - Cannot read IP mode file for STMicroelectronics.X-CUBE-DISPLAY.3.0.0
2023-11-30 01:09:49,035 [WARN] PackLoader:240 - Cannot read IP mode file for STMicroelectronics.X-CUBE-EEPRMA1.4.2.0
2023-11-30 01:09:49,054 [WARN] PackLoader:240 - Cannot read IP mode file for STMicroelectronics.X-CUBE-FREERTOS.1.1.0
2023-11-30 01:09:49,064 [WARN] PackLoader:240 - Cannot read IP mode file for STMicroelectronics.X-CUBE-GNSS1.6.0.0
2023-11-30 01:09:49,073 [WARN] PackLoader:240 - Cannot read IP mode file for STMicroelectronics.X-CUBE-ISPU.1.1.0
2023-11-30 01:09:49,235 [WARN] PackLoader:240 - Cannot read IP mode file for STMicroelectronics.X-CUBE-MEMS1.10.0.0
2023-11-30 01:09:49,680 [WARN] PackLoader:240 - Cannot read IP mode file for STMicroelectronics.X-CUBE-NFC4.3.0.0
2023-11-30 01:09:49,696 [WARN] PackLoader:240 - Cannot read IP mode file for STMicroelectronics.X-CUBE-NFC6.3.0.0
2023-11-30 01:09:49,707 [WARN] PackLoader:240 - Cannot read IP mode file for STMicroelectronics.X-CUBE-NFC7.1.0.1
2023-11-30 01:09:49,734 [WARN] PackLoader:240 - Cannot read IP mode file for STMicroelectronics.X-CUBE-SFXS2LP1.4.0.0
2023-11-30 01:09:49,757 [WARN] PackLoader:240 - Cannot read IP mode file for STMicroelectronics.X-CUBE-SUBG2.5.0.0
2023-11-30 01:09:49,779 [WARN] PackLoader:240 - Cannot read IP mode file for STMicroelectronics.X-CUBE-SMBUS.2.1.0
2023-11-30 01:09:49,795 [WARN] PackLoader:240 - Cannot read IP mode file for STMicroelectronics.X-CUBE-TOF1.3.4.0
2023-11-30 01:09:49,845 [WARN] PackLoader:240 - Cannot read IP mode file for STMicroelectronics.X-CUBE-TOUCHGFX.4.22.1
2023-11-30 01:09:49,854 [WARN] PackLoader:240 - Cannot read IP mode file for STMicroelectronics.X-CUBE-ALGOBUILD.1.3.0
2023-11-30 01:09:49,911 [WARN] ConditionMgr:438 - getConditionDescription Invalid condition id : UX DEVICE CLASS RTOS Condition cause : null
2023-11-30 01:09:49,911 [WARN] ConditionMgr:438 - getConditionDescription Invalid condition id : UX DEVICE CLASS RTOS Condition cause : null
2023-11-30 01:09:49,939 [WARN] PackLoader:240 - Cannot read IP mode file for STMicroelectronics.X-CUBE-AZRTOS-H7.3.1.0
2023-11-30 01:09:49,941 [WARN] ConditionMgr:1039 - genDependencies : Invalid condition id : UX DEVICE CLASS RTOS Condition cause : null
2023-11-30 01:09:49,942 [WARN] ConditionMgr:1039 - genDependencies : Invalid condition id : UX DEVICE CLASS RTOS Condition cause : null
2023-11-30 01:09:49,943 [WARN] ConditionMgr:1039 - genDependencies : Invalid condition id : UX DEVICE CLASS RTOS Condition cause : null
2023-11-30 01:09:49,945 [WARN] ConditionMgr:1039 - genDependencies : Invalid condition id : UX DEVICE CLASS RTOS Condition cause : null
2023-11-30 01:09:49,945 [WARN] ConditionMgr:1039 - genDependencies : Invalid condition id : UX DEVICE CLASS RTOS Condition cause : null
2023-11-30 01:09:50,002 [WARN] PackLoader:240 - Cannot read IP mode file for STMicroelectronics.X-CUBE-AZRTOS-F4.1.1.0
2023-11-30 01:09:50,048 [WARN] PackLoader:240 - Cannot read IP mode file for STMicroelectronics.X-CUBE-AZRTOS-F7.1.1.0
2023-11-30 01:09:50,121 [WARN] ConditionMgr:438 - getConditionDescription Invalid condition id : LAN8742 Phy interface Condition cause : null
2023-11-30 01:09:50,138 [WARN] PackLoader:240 - Cannot read IP mode file for STMicroelectronics.X-CUBE-AZRTOS-L4.2.0.0
2023-11-30 01:09:50,172 [WARN] ConditionMgr:1039 - genDependencies : Invalid condition id : LAN8742 Phy interface Condition cause : null
2023-11-30 01:09:50,172 [WARN] ConditionMgr:1039 - genDependencies : Invalid condition id : LAN8742 Phy interface Condition cause : null
2023-11-30 01:09:50,174 [WARN] ConditionMgr:1039 - genDependencies : Invalid condition id : LAN8742 Phy interface Condition cause : null
2023-11-30 01:09:50,215 [WARN] PackLoader:240 - Cannot read IP mode file for STMicroelectronics.X-CUBE-AZRTOS-L5.2.0.0
2023-11-30 01:09:50,261 [WARN] PackLoader:240 - Cannot read IP mode file for STMicroelectronics.X-CUBE-AZRTOS-G0.1.1.0
2023-11-30 01:09:50,325 [WARN] PackLoader:240 - Cannot read IP mode file for STMicroelectronics.X-CUBE-AZRTOS-G4.2.0.0
2023-11-30 01:09:50,362 [WARN] ConditionMgr:438 - getConditionDescription Invalid condition id : UX DEVICE CLASS RTOS Condition cause : null
2023-11-30 01:09:50,363 [WARN] ConditionMgr:438 - getConditionDescription Invalid condition id : UX DEVICE CLASS RTOS Condition cause : null
2023-11-30 01:09:50,368 [WARN] PackLoader:240 - Cannot read IP mode file for STMicroelectronics.X-CUBE-AZRTOS-WB.2.0.0
2023-11-30 01:09:50,370 [WARN] ConditionMgr:1039 - genDependencies : Invalid condition id : UX DEVICE CLASS RTOS Condition cause : null
2023-11-30 01:09:50,370 [WARN] ConditionMgr:1039 - genDependencies : Invalid condition id : UX DEVICE CLASS RTOS Condition cause : null
2023-11-30 01:09:50,371 [WARN] ConditionMgr:1039 - genDependencies : Invalid condition id : UX DEVICE CLASS RTOS Condition cause : null
2023-11-30 01:09:50,371 [WARN] ConditionMgr:1039 - genDependencies : Invalid condition id : UX DEVICE CLASS RTOS Condition cause : null
2023-11-30 01:09:50,372 [WARN] ConditionMgr:1039 - genDependencies : Invalid condition id : UX DEVICE CLASS RTOS Condition cause : null
2023-11-30 01:09:50,390 [INFO] LogOutputStream:77 - [STDOUT_REDIRECT] 1 : Invalid condition id : UX_CORESTACK_Condition cause : null
2023-11-30 01:09:50,391 [INFO] LogOutputStream:77 - [STDOUT_REDIRECT] 1 : Invalid condition id : UX_CORESTACK_Condition cause : null
2023-11-30 01:09:50,392 [INFO] LogOutputStream:77 - [STDOUT_REDIRECT] 1 : Invalid condition id : UX_CORESTACK_Condition cause : null
2023-11-30 01:09:50,392 [INFO] LogOutputStream:77 - [STDOUT_REDIRECT] 1 : Invalid condition id : UX_CORESTACK_Condition cause : null
2023-11-30 01:09:50,393 [INFO] LogOutputStream:77 - [STDOUT_REDIRECT] 1 : Invalid condition id : UX_CORESTACK_Condition cause : null
2023-11-30 01:09:50,410 [WARN] PackLoader:240 - Cannot read IP mode file for STMicroelectronics.X-CUBE-AZRTOS-WL.2.0.0
2023-11-30 01:09:50,423 [WARN] PackLoader:240 - Cannot read IP mode file for wolfSSL.I-CUBE-wolfSSL.5.6.4
2023-11-30 01:09:50,430 [WARN] PackLoader:240 - Cannot read IP mode file for portGmbH.I-Cube-SoM-uGOAL.1.1.0
2023-11-30 01:09:50,460 [WARN] PackLoader:240 - Cannot read IP mode file for emotas.I-CUBE-CANOPEN.1.3.0
2023-11-30 01:09:50,469 [WARN] PackLoader:240 - Cannot read IP mode file for WES.I-CUBE-Cesium.1.3.0
2023-11-30 01:09:50,473 [WARN] PackLoader:240 - Cannot read IP mode file for ITTIA_DB.I-CUBE-ITTIADB.8.8.0
2023-11-30 01:09:50,487 [WARN] PackLoader:240 - Cannot read IP mode file for Infineon.AIROC-Wi-Fi-Bluetooth-STM32.1.5.1
2023-11-30 01:09:50,491 [INFO] PopulateThirdPartyThread:66 - Ending populate Thread
2023-11-30 01:09:50,494 [INFO] ThirdParty:1030 - CMSIS Pack Vendor :STMicroelectronics X-CUBE-ISPU 1.1.0
2023-11-30 01:09:50,495 [INFO] ThirdParty:1030 - CMSIS Pack Vendor :STMicroelectronics X-CUBE-DISPLAY 3.0.0
2023-11-30 01:09:50,495 [INFO] ThirdParty:1030 - CMSIS Pack Vendor :STMicroelectronics X-CUBE-GNSS1 6.0.0
2023-11-30 01:09:50,495 [INFO] ThirdParty:1030 - CMSIS Pack Vendor :STMicroelectronics FP-SNS-MOTENVWB1 1.3.1
2023-11-30 01:09:50,495 [INFO] ThirdParty:1030 - CMSIS Pack Vendor :STMicroelectronics X-CUBE-AZRTOS-F4 1.1.0
2023-11-30 01:09:50,495 [INFO] ThirdParty:1030 - CMSIS Pack Vendor :STMicroelectronics FP-ATR-SIGFOX1 3.2.0
2023-11-30 01:09:50,495 [INFO] ThirdParty:1030 - CMSIS Pack Vendor :STMicroelectronics X-CUBE-BLE1 7.0.0
2023-11-30 01:09:50,495 [INFO] ThirdParty:1030 - CMSIS Pack Vendor :wolfSSL I-CUBE-wolfSSL 5.6.4
2023-11-30 01:09:50,495 [INFO] ThirdParty:1030 - CMSIS Pack Vendor :STMicroelectronics X-CUBE-SMBUS 2.1.0
2023-11-30 01:09:50,495 [INFO] ThirdParty:1030 - CMSIS Pack Vendor :STMicroelectronics X-CUBE-AZRTOS-WB 2.0.0
2023-11-30 01:09:50,495 [INFO] ThirdParty:1030 - CMSIS Pack Vendor :emotas I-CUBE-CANOPEN 1.3.0
2023-11-30 01:09:50,495 [INFO] ThirdParty:1030 - CMSIS Pack Vendor :STMicroelectronics X-CUBE-MEMS1 10.0.0
2023-11-30 01:09:50,495 [INFO] ThirdParty:1030 - CMSIS Pack Vendor :STMicroelectronics X-CUBE-FREERTOS 1.1.0
2023-11-30 01:09:50,495 [INFO] ThirdParty:1030 - CMSIS Pack Vendor :STMicroelectronics X-CUBE-NFC7 1.0.1
2023-11-30 01:09:50,496 [INFO] ThirdParty:1030 - CMSIS Pack Vendor :STMicroelectronics X-CUBE-TOUCHGFX 4.22.1
2023-11-30 01:09:50,496 [INFO] ThirdParty:1030 - CMSIS Pack Vendor :STMicroelectronics X-CUBE-AZRTOS-F7 1.1.0
2023-11-30 01:09:50,496 [INFO] ThirdParty:1030 - CMSIS Pack Vendor :STMicroelectronics X-CUBE-AZRTOS-L5 2.0.0
2023-11-30 01:09:50,496 [INFO] ThirdParty:1030 - CMSIS Pack Vendor :STMicroelectronics X-CUBE-NFC6 3.0.0
2023-11-30 01:09:50,496 [INFO] ThirdParty:1030 - CMSIS Pack Vendor :STMicroelectronics X-CUBE-ALS 1.0.1
2023-11-30 01:09:50,496 [INFO] ThirdParty:1030 - CMSIS Pack Vendor :portGmbH I-Cube-SoM-uGOAL 1.1.0
2023-11-30 01:09:50,496 [INFO] ThirdParty:1030 - CMSIS Pack Vendor :STMicroelectronics X-CUBE-EEPRMA1 4.2.0
2023-11-30 01:09:50,496 [INFO] ThirdParty:1030 - CMSIS Pack Vendor :ITTIA_DB I-CUBE-ITTIADB 8.8.0
2023-11-30 01:09:50,496 [INFO] ThirdParty:1030 - CMSIS Pack Vendor :STMicroelectronics FP-SNS-SMARTAG2 1.2.0
2023-11-30 01:09:50,496 [INFO] ThirdParty:1030 - CMSIS Pack Vendor :STMicroelectronics FP-SNS-MOTENV1 4.3.2
2023-11-30 01:09:50,497 [INFO] ThirdParty:1030 - CMSIS Pack Vendor :STMicroelectronics X-CUBE-ALGOBUILD 1.3.0
2023-11-30 01:09:50,497 [INFO] ThirdParty:1030 - CMSIS Pack Vendor :STMicroelectronics X-CUBE-AZRTOS-WL 2.0.0
2023-11-30 01:09:50,497 [INFO] ThirdParty:1030 - CMSIS Pack Vendor :STMicroelectronics X-CUBE-AZRTOS-G0 1.1.0
2023-11-30 01:09:50,497 [INFO] ThirdParty:1030 - CMSIS Pack Vendor :STMicroelectronics X-CUBE-AI 8.1.0
2023-11-30 01:09:50,497 [INFO] ThirdParty:1030 - CMSIS Pack Vendor :STMicroelectronics X-CUBE-NFC4 3.0.0
2023-11-30 01:09:50,497 [INFO] ThirdParty:1030 - CMSIS Pack Vendor :STMicroelectronics X-CUBE-SUBG2 5.0.0
2023-11-30 01:09:50,497 [INFO] ThirdParty:1030 - CMSIS Pack Vendor :STMicroelectronics X-CUBE-AZRTOS-L4 2.0.0
2023-11-30 01:09:50,497 [INFO] ThirdParty:1030 - CMSIS Pack Vendor :STMicroelectronics FP-ATR-ASTRA1 2.0.0
2023-11-30 01:09:50,497 [INFO] ThirdParty:1030 - CMSIS Pack Vendor :WES I-CUBE-Cesium 1.3.0
2023-11-30 01:09:50,498 [INFO] ThirdParty:1030 - CMSIS Pack Vendor :STMicroelectronics X-CUBE-SFXS2LP1 4.0.0
2023-11-30 01:09:50,498 [INFO] ThirdParty:1030 - CMSIS Pack Vendor :STMicroelectronics FP-SNS-FLIGHT1 5.0.2
2023-11-30 01:09:50,498 [INFO] ThirdParty:1030 - CMSIS Pack Vendor :STMicroelectronics X-CUBE-BLE2 3.3.0
2023-11-30 01:09:50,498 [INFO] ThirdParty:1030 - CMSIS Pack Vendor :STMicroelectronics X-CUBE-TOF1 3.4.0
2023-11-30 01:09:50,498 [INFO] ThirdParty:1030 - CMSIS Pack Vendor :STMicroelectronics X-CUBE-AZRTOS-G4 2.0.0
2023-11-30 01:09:50,498 [INFO] ThirdParty:1030 - CMSIS Pack Vendor :STMicroelectronics X-CUBE-AZRTOS-H7 3.1.0
2023-11-30 01:09:50,498 [INFO] ThirdParty:1030 - CMSIS Pack Vendor :Infineon AIROC-Wi-Fi-Bluetooth-STM32 1.5.1
2023-11-30 01:09:50,498 [INFO] ThirdParty:1030 - CMSIS Pack Vendor :STMicroelectronics X-CUBE-BLEMGR 3.0.0
2023-11-30 01:09:50,499 [INFO] LoadServerUpdatesThread:373 - End of LoadServerUpdate Thread
2023-11-30 01:10:35,059 [INFO] LogOutputStream:77 - [STDOUT_REDIRECT] Unexpected error loading extension: org.eclipse.equinox.p2.metadata.repository.compositeRepository
2023-11-30 01:10:35,084 [ERROR] LogOutputStream:75 - [STDERR_REDIRECT] 
